
node.exe : 
At C:\Program Files
\nodejs\npx.ps1:29 
char:3
+   & $NODE_EXE 
$NPX_CLI_JS $args
+   ~~~~~~~~~~~~~~~
~~~~~~~~~~~~~~
    + CategoryInfo 
             : No  
  tSpecified: (:   
 String) [], Re    
moteException
    + FullyQualifi 
   edErrorId : Na  
  tiveCommandErr   
 or
 
DevTools listening 
on ws://127.0.0.1:5
4051/devtools/brows
er/89352877-9137-44
a1-a4dc-29fc5d5147a
d
Your project does not contain a default supportFile. We expect a file matching cypress/support/e2e.{js,jsx,ts,tsx} to exist.

If a support file is not necessary for your project, set supportFile to false.

https://on.cypress.io/support-file-missing-or-invalid
